// Jest Snapshot v1, https://goo.gl/fbAQLP

exports[`counter component test case initial values using snapshot 1`] = `
<DocumentFragment>
  <div
    class="container"
  >
    <button>
      +
    </button>
    <p>
      Count 0
    </p>
    <button>
      -
    </button>
    <div>
      Hello
    </div>
  </div>
</DocumentFragment>
`;
